Traceback (most recent call last):
  File "<frozen runpy>", line 198, in _run_module_as_main
  File "<frozen runpy>", line 88, in _run_code
  File "/home/zsiga/repo/zsiga/__main__.py", line 322, in <module>
    main()
  File "/home/zsiga/repo/zsiga/__main__.py", line 306, in main
    cmd_daemon(rest)
  File "/home/zsiga/repo/zsiga/__main__.py", line 281, in cmd_daemon
    config = load_config()
             ^^^^^^^^^^^^^
  File "/home/zsiga/repo/zsiga/config.py", line 271, in load_config
    config_path = Path(path) if path else _find_config()
                                          ^^^^^^^^^^^^^^
  File "/home/zsiga/repo/zsiga/config.py", line 17, in _find_config
    raise FileNotFoundError("zsiga.yaml not found in current dir or ~/.zsiga/")
FileNotFoundError: zsiga.yaml not found in current dir or ~/.zsiga/
----------------------------------------
Exception occurred during processing of request from ('220.196.192.128', 50918)
Traceback (most recent call last):
  File "/usr/lib/python3.12/socketserver.py", line 318, in _handle_request_noblock
    self.process_request(request, client_address)
  File "/usr/lib/python3.12/socketserver.py", line 349, in process_request
    self.finish_request(request, client_address)
  File "/usr/lib/python3.12/socketserver.py", line 362, in finish_request
    self.RequestHandlerClass(request, client_address, self)
  File "/home/zsiga/repo/zsiga/daemon.py", line 193, in __init__
    super().__init__(*args, directory=serve_dir, **kwargs)
  File "/usr/lib/python3.12/http/server.py", line 672, in __init__
    super().__init__(*args, **kwargs)
  File "/usr/lib/python3.12/socketserver.py", line 761, in __init__
    self.handle()
  File "/usr/lib/python3.12/http/server.py", line 436, in handle
    self.handle_one_request()
  File "/usr/lib/python3.12/http/server.py", line 404, in handle_one_request
    self.raw_requestline = self.rfile.readline(65537)
                           ^^^^^^^^^^^^^^^^^^^^^^^^^^
  File "/usr/lib/python3.12/socket.py", line 707, in readinto
    return self._sock.recv_into(b)
           ^^^^^^^^^^^^^^^^^^^^^^^
ConnectionResetError: [Errno 104] Connection reset by peer
----------------------------------------
